main.c:79:5:__io_putchar	16	static
main.c:89:5:main	96	static
main.c:187:11:printUart	24	static
main.c:195:9:powerOff	24	static
main.c:206:9:processCup1	24	static
main.c:222:9:processCup2	24	static
main.c:238:9:processCup3	24	static
main.c:257:9:processCup4	24	static
main.c:461:6:SystemClock_Config	232	static
main.c:538:13:MX_DFSDM1_Init	8	static
main.c:576:13:MX_I2C2_Init	8	static
main.c:622:13:MX_QUADSPI_Init	8	static
main.c:655:13:MX_SPI3_Init	8	static
main.c:695:13:MX_USART1_UART_Init	8	static
main.c:730:13:MX_USART3_UART_Init	8	static
main.c:765:13:MX_USB_OTG_FS_PCD_Init	8	static
main.c:800:13:MX_GPIO_Init	48	static
main.c:988:6:Error_Handler	4	static
